Component: ARM Compiler 5.06 update 7 (build 960) Tool: armlink [4d3601]

==============================================================================

Section Cross References

    main.o(i._ttywrch) refers to main.o(i.fputc) for fputc
    main.o(i._ttywrch) refers to main.o(.data) for __stdout
    main.o(i.fgetc) refers to main.o(.data) for ITM_RxBuffer
    main.o(i.main) refers to _printf_percent.o(.ARM.Collect$$_printf_percent$$00000000) for _printf_percent
    main.o(i.main) refers to _printf_d.o(.ARM.Collect$$_printf_percent$$00000009) for _printf_d
    main.o(i.main) refers to _printf_dec.o(.text) for _printf_int_dec
    main.o(i.main) refers to _printf_f.o(.ARM.Collect$$_printf_percent$$00000003) for _printf_f
    main.o(i.main) refers to printf1.o(x$fpl$printf1) for _printf_fp_dec
    main.o(i.main) refers to noretval__2printf.o(.text) for __2printf
    main.o(i.main) refers to fflt_clz.o(x$fpl$fflt) for __aeabi_i2f
    main.o(i.main) refers to fdiv.o(x$fpl$fdiv) for __aeabi_fdiv
    main.o(i.main) refers to f2d.o(x$fpl$f2d) for __aeabi_f2d
    main.o(i.main) refers to faddsub_clz.o(x$fpl$fadd) for __aeabi_fadd
    main.o(i.main) refers to feqf.o(x$fpl$feqf) for __aeabi_cfcmpeq
    startup_armcm4.o(STACK) refers (Special) to heapauxi.o(.text) for __use_two_region_memory
    startup_armcm4.o(HEAP) refers (Special) to heapauxi.o(.text) for __use_two_region_memory
    startup_armcm4.o(RESET) refers (Special) to heapauxi.o(.text) for __use_two_region_memory
    startup_armcm4.o(RESET) refers to startup_armcm4.o(STACK) for __initial_sp
    startup_armcm4.o(RESET) refers to startup_armcm4.o(.text) for Reset_Handler
    startup_armcm4.o(.text) refers (Special) to heapauxi.o(.text) for __use_two_region_memory
    startup_armcm4.o(.text) refers to system_armcm4.o(i.SystemInit) for SystemInit
    startup_armcm4.o(.text) refers to __main.o(!!!main) for __main
    system_armcm4.o(i.SystemCoreClockUpdate) refers to system_armcm4.o(.data) for SystemCoreClock
    system_armcm4.o(i.SystemInit) refers to startup_armcm4.o(RESET) for __Vectors
    system_armcm4.o(i.SystemInit) refers to system_armcm4.o(.data) for SystemCoreClock
    __2printf.o(.text) refers to _printf_char_file.o(.text) for _printf_char_file
    __2printf.o(.text) refers to main.o(.data) for __stdout
    noretval__2printf.o(.text) refers to _printf_char_file.o(.text) for _printf_char_file
    noretval__2printf.o(.text) refers to main.o(.data) for __stdout
    __printf.o(.text) refers to _printf_percent.o(.ARM.Collect$$_printf_percent$$00000000) for _printf_percent
    _printf_dec.o(.text) refers to _printf_intcommon.o(.text) for _printf_int_common
    __printf_flags.o(.text) refers to _printf_percent.o(.ARM.Collect$$_printf_percent$$00000000) for _printf_percent
    __printf_flags.o(.text) refers to __printf_flags.o(.constdata) for .constdata
    __printf_ss.o(.text) refers to _printf_percent.o(.ARM.Collect$$_printf_percent$$00000000) for _printf_percent
    __printf_flags_ss.o(.text) refers to _printf_percent.o(.ARM.Collect$$_printf_percent$$00000000) for _printf_percent
    __printf_flags_ss.o(.text) refers to __printf_flags_ss.o(.constdata) for .constdata
    __printf_wp.o(.text) refers to __printf_wp.o(i._is_digit) for _is_digit
    __printf_wp.o(.text) refers to _printf_percent.o(.ARM.Collect$$_printf_percent$$00000000) for _printf_percent
    __printf_flags_wp.o(.text) refers to __printf_wp.o(i._is_digit) for _is_digit
    __printf_flags_wp.o(.text) refers to _printf_percent.o(.ARM.Collect$$_printf_percent$$00000000) for _printf_percent
    __printf_flags_wp.o(.text) refers to __printf_flags_wp.o(.constdata) for .constdata
    __printf_ss_wp.o(.text) refers to __printf_wp.o(i._is_digit) for _is_digit
    __printf_ss_wp.o(.text) refers to _printf_percent.o(.ARM.Collect$$_printf_percent$$00000000) for _printf_percent
    __printf_flags_ss_wp.o(.text) refers to __printf_wp.o(i._is_digit) for _is_digit
    __printf_flags_ss_wp.o(.text) refers to _printf_percent.o(.ARM.Collect$$_printf_percent$$00000000) for _printf_percent
    __printf_flags_ss_wp.o(.text) refers to __printf_flags_ss_wp.o(.constdata) for .constdata
    _printf_d.o(.ARM.Collect$$_printf_percent$$00000009) refers (Weak) to _printf_dec.o(.text) for _printf_int_dec
    _printf_f.o(.ARM.Collect$$_printf_percent$$00000003) refers (Weak) to printf1.o(x$fpl$printf1) for _printf_fp_dec
    _printf_percent.o(.ARM.Collect$$_printf_percent$$00000000) refers (Special) to _printf_percent_end.o(.ARM.Collect$$_printf_percent$$00000017) for _printf_percent_end
    __main.o(!!!main) refers to __rtentry.o(.ARM.Collect$$rtentry$$00000000) for __rt_entry
    f2d.o(x$fpl$f2d) refers (Special) to usenofp.o(x$fpl$usenofp) for __I$use$fp
    f2d.o(x$fpl$f2d) refers to fnaninf.o(x$fpl$fnaninf) for __fpl_fnaninf
    f2d.o(x$fpl$f2d) refers to dretinf.o(x$fpl$dretinf) for __fpl_dretinf
    faddsub_clz.o(x$fpl$fadd) refers (Special) to usenofp.o(x$fpl$usenofp) for __I$use$fp
    faddsub_clz.o(x$fpl$fadd) refers to faddsub_clz.o(x$fpl$fsub) for _fsub1
    faddsub_clz.o(x$fpl$fadd) refers to fretinf.o(x$fpl$fretinf) for __fpl_fretinf
    faddsub_clz.o(x$fpl$fadd) refers to fnaninf.o(x$fpl$fnaninf) for __fpl_fnaninf
    faddsub_clz.o(x$fpl$frsb) refers (Special) to usenofp.o(x$fpl$usenofp) for __I$use$fp
    faddsub_clz.o(x$fpl$frsb) refers to faddsub_clz.o(x$fpl$fadd) for _fadd1
    faddsub_clz.o(x$fpl$frsb) refers to faddsub_clz.o(x$fpl$fsub) for _fsub1
    faddsub_clz.o(x$fpl$fsub) refers (Special) to usenofp.o(x$fpl$usenofp) for __I$use$fp
    faddsub_clz.o(x$fpl$fsub) refers to faddsub_clz.o(x$fpl$fadd) for _fadd1
    faddsub_clz.o(x$fpl$fsub) refers to fnaninf.o(x$fpl$fnaninf) for __fpl_fnaninf
    fdiv.o(x$fpl$frdiv) refers (Special) to usenofp.o(x$fpl$usenofp) for __I$use$fp
    fdiv.o(x$fpl$frdiv) refers to fdiv.o(x$fpl$fdiv) for _fdiv1
    fdiv.o(x$fpl$fdiv) refers (Special) to usenofp.o(x$fpl$usenofp) for __I$use$fp
    fdiv.o(x$fpl$fdiv) refers to fretinf.o(x$fpl$fretinf) for __fpl_fretinf
    fdiv.o(x$fpl$fdiv) refers to fnaninf.o(x$fpl$fnaninf) for __fpl_fnaninf
    feqf.o(x$fpl$feqf) refers (Special) to usenofp.o(x$fpl$usenofp) for __I$use$fp
    feqf.o(x$fpl$feqf) refers to fnaninf.o(x$fpl$fnaninf) for __fpl_fnaninf
    feqf.o(x$fpl$feqf) refers to fcmpi.o(x$fpl$fcmpinf) for __fpl_fcmp_Inf
    fflt_clz.o(x$fpl$ffltu) refers (Special) to usenofp.o(x$fpl$usenofp) for __I$use$fp
    fflt_clz.o(x$fpl$fflt) refers (Special) to usenofp.o(x$fpl$usenofp) for __I$use$fp
    fflt_clz.o(x$fpl$ffltn) refers (Special) to usenofp.o(x$fpl$usenofp) for __I$use$fp
    printf1.o(x$fpl$printf1) refers to _printf_fp_dec.o(.text) for _printf_fp_dec_real
    __rtentry.o(.ARM.Collect$$rtentry$$00000000) refers (Special) to __rtentry2.o(.ARM.Collect$$rtentry$$0000000A) for __rt_entry_li
    __rtentry.o(.ARM.Collect$$rtentry$$00000000) refers (Special) to __rtentry2.o(.ARM.Collect$$rtentry$$0000000D) for __rt_entry_main
    __rtentry.o(.ARM.Collect$$rtentry$$00000000) refers (Special) to __rtentry2.o(.ARM.Collect$$rtentry$$0000000C) for __rt_entry_postli_1
    __rtentry.o(.ARM.Collect$$rtentry$$00000000) refers (Special) to __rtentry2.o(.ARM.Collect$$rtentry$$00000009) for __rt_entry_postsh_1
    __rtentry.o(.ARM.Collect$$rtentry$$00000000) refers (Special) to __rtentry2.o(.ARM.Collect$$rtentry$$00000002) for __rt_entry_presh_1
    __rtentry.o(.ARM.Collect$$rtentry$$00000000) refers (Special) to __rtentry5.o(.ARM.Collect$$rtentry$$00000005) for __rt_entry_sh
    _printf_fp_dec.o(.text) refers (Special) to usenofp.o(x$fpl$usenofp) for __I$use$fp
    _printf_fp_dec.o(.text) refers (Special) to lc_numeric_c.o(locale$$code) for _get_lc_numeric
    _printf_fp_dec.o(.text) refers to bigflt0.o(.text) for _btod_etento
    _printf_fp_dec.o(.text) refers to btod.o(CL$$btod_d2e) for _btod_d2e
    _printf_fp_dec.o(.text) refers to btod.o(CL$$btod_ediv) for _btod_ediv
    _printf_fp_dec.o(.text) refers to btod.o(CL$$btod_emul) for _btod_emul
    _printf_fp_dec.o(.text) refers to lludiv10.o(.text) for _ll_udiv10
    _printf_fp_dec.o(.text) refers to fpclassify.o(i.__ARM_fpclassify) for __ARM_fpclassify
    _printf_fp_dec.o(.text) refers to _printf_fp_infnan.o(.text) for _printf_fp_infnan
    _printf_fp_dec.o(.text) refers to rt_locale_intlibspace.o(.text) for __rt_locale
    _printf_char_file.o(.text) refers to _printf_char_common.o(.text) for _printf_char_common
    _printf_char_file.o(.text) refers to main.o(i.ferror) for ferror
    _printf_char_file.o(.text) refers to main.o(i.fputc) for fputc
    dretinf.o(x$fpl$dretinf) refers (Special) to usenofp.o(x$fpl$usenofp) for __I$use$fp
    fcmpi.o(x$fpl$fcmpinf) refers (Special) to usenofp.o(x$fpl$usenofp) for __I$use$fp
    fnaninf.o(x$fpl$fnaninf) refers (Special) to usenofp.o(x$fpl$usenofp) for __I$use$fp
    fretinf.o(x$fpl$fretinf) refers (Special) to usenofp.o(x$fpl$usenofp) for __I$use$fp
    __rtentry2.o(.ARM.Collect$$rtentry$$00000008) refers to boardinit2.o(.text) for _platform_post_stackheap_init
    __rtentry2.o(.ARM.Collect$$rtentry$$0000000A) refers to libinit.o(.ARM.Collect$$libinit$$00000000) for __rt_lib_init
    __rtentry2.o(.ARM.Collect$$rtentry$$0000000B) refers to boardinit3.o(.text) for _platform_post_lib_init
    __rtentry2.o(.ARM.Collect$$rtentry$$0000000D) refers to main.o(i.main) for main
    __rtentry2.o(.ARM.Collect$$rtentry$$0000000D) refers to exit.o(.text) for exit
    __rtentry2.o(.ARM.exidx) refers to __rtentry2.o(.ARM.Collect$$rtentry$$00000001) for .ARM.Collect$$rtentry$$00000001
    __rtentry2.o(.ARM.exidx) refers to __rtentry2.o(.ARM.Collect$$rtentry$$00000008) for .ARM.Collect$$rtentry$$00000008
    __rtentry2.o(.ARM.exidx) refers to __rtentry2.o(.ARM.Collect$$rtentry$$0000000A) for .ARM.Collect$$rtentry$$0000000A
    __rtentry2.o(.ARM.exidx) refers to __rtentry2.o(.ARM.Collect$$rtentry$$0000000B) for .ARM.Collect$$rtentry$$0000000B
    __rtentry2.o(.ARM.exidx) refers to __rtentry2.o(.ARM.Collect$$rtentry$$0000000D) for .ARM.Collect$$rtentry$$0000000D
    __rtentry4.o(.ARM.Collect$$rtentry$$00000004) refers to sys_stackheap_outer.o(.text) for __user_setup_stackheap
    __rtentry4.o(.ARM.exidx) refers to __rtentry4.o(.ARM.Collect$$rtentry$$00000004) for .ARM.Collect$$rtentry$$00000004
    __rtentry5.o(.ARM.Collect$$rtentry$$00000005) refers to __rtentry5.o(.ARM.Collect$$rtentry$$00002716) for __lit__00000000
    __rtentry5.o(.ARM.Collect$$rtentry$$00002716) refers to startup_armcm4.o(STACK) for __initial_sp
    __rtentry5.o(__vectab_stack_and_reset_sym_area) refers to startup_armcm4.o(STACK) for __initial_sp
    __rtentry5.o(__vectab_stack_and_reset_sym_area) refers to __main.o(!!!main) for __main
    __rtentry5.o(.ARM.exidx) refers to __rtentry5.o(.ARM.Collect$$rtentry$$00000005) for .ARM.Collect$$rtentry$$00000005
    __rtentry5.o(.ARM.exidx) refers to __rtentry5.o(.ARM.Collect$$rtentry$$00002716) for .ARM.Collect$$rtentry$$00002716
    rt_locale.o(.text) refers to rt_locale.o(.bss) for __rt_locale_data
    rt_locale_intlibspace.o(.text) refers to libspace.o(.bss) for __libspace_start
    _printf_char_common.o(.text) refers to __printf.o(.text) for __printf
    bigflt0.o(.text) refers (Special) to usenofp.o(x$fpl$usenofp) for __I$use$fp
    bigflt0.o(.text) refers to btod.o(CL$$btod_emul) for _btod_emul
    bigflt0.o(.text) refers to btod.o(CL$$btod_ediv) for _btod_ediv
    bigflt0.o(.text) refers to bigflt0.o(.constdata) for .constdata
    bigflt0.o(.constdata) refers (Special) to usenofp.o(x$fpl$usenofp) for __I$use$fp
    btod.o(CL$$btod_d2e) refers (Special) to usenofp.o(x$fpl$usenofp) for __I$use$fp
    btod.o(CL$$btod_d2e) refers to btod.o(CL$$btod_d2e_norm_op1) for _d2e_norm_op1
    btod.o(CL$$btod_d2e_norm_op1) refers (Special) to usenofp.o(x$fpl$usenofp) for __I$use$fp
    btod.o(CL$$btod_d2e_norm_op1) refers to btod.o(CL$$btod_d2e_denorm_low) for _d2e_denorm_low
    btod.o(CL$$btod_d2e_denorm_low) refers (Special) to usenofp.o(x$fpl$usenofp) for __I$use$fp
    btod.o(CL$$btod_emul) refers (Special) to usenofp.o(x$fpl$usenofp) for __I$use$fp
    btod.o(CL$$btod_emul) refers to btod.o(CL$$btod_mult_common) for __btod_mult_common
    btod.o(CL$$btod_emul) refers to btod.o(CL$$btod_e2e) for _e2e
    btod.o(CL$$btod_ediv) refers (Special) to usenofp.o(x$fpl$usenofp) for __I$use$fp
    btod.o(CL$$btod_ediv) refers to btod.o(CL$$btod_div_common) for __btod_div_common
    btod.o(CL$$btod_ediv) refers to btod.o(CL$$btod_e2e) for _e2e
    btod.o(CL$$btod_emuld) refers (Special) to usenofp.o(x$fpl$usenofp) for __I$use$fp
    btod.o(CL$$btod_emuld) refers to btod.o(CL$$btod_mult_common) for __btod_mult_common
    btod.o(CL$$btod_emuld) refers to btod.o(CL$$btod_e2d) for _e2d
    btod.o(CL$$btod_edivd) refers (Special) to usenofp.o(x$fpl$usenofp) for __I$use$fp
    btod.o(CL$$btod_edivd) refers to btod.o(CL$$btod_div_common) for __btod_div_common
    btod.o(CL$$btod_edivd) refers to btod.o(CL$$btod_e2d) for _e2d
    btod.o(CL$$btod_e2e) refers (Special) to usenofp.o(x$fpl$usenofp) for __I$use$fp
    btod.o(CL$$btod_e2d) refers (Special) to usenofp.o(x$fpl$usenofp) for __I$use$fp
    btod.o(CL$$btod_e2d) refers to btod.o(CL$$btod_e2e) for _e2e
    btod.o(CL$$btod_mult_common) refers (Special) to usenofp.o(x$fpl$usenofp) for __I$use$fp
    btod.o(CL$$btod_div_common) refers (Special) to usenofp.o(x$fpl$usenofp) for __I$use$fp
    lc_numeric_c.o(locale$$data) refers (Special) to libinit2.o(.ARM.Collect$$libinit$$00000016) for __rt_lib_init_lc_numeric_2
    lc_numeric_c.o(locale$$code) refers (Special) to libinit2.o(.ARM.Collect$$libinit$$00000016) for __rt_lib_init_lc_numeric_2
    lc_numeric_c.o(locale$$code) refers to strcmpv7m.o(.text) for strcmp
    lc_numeric_c.o(locale$$code) refers to lc_numeric_c.o(locale$$data) for __lcnum_c_name
    istatus.o(x$fpl$ieeestatus) refers (Special) to usenofp.o(x$fpl$usenofp) for __I$use$fp
    fpclassify.o(i.__ARM_fpclassify) refers (Special) to usenofp.o(x$fpl$usenofp) for __I$use$fp
    libspace.o(.text) refers to libspace.o(.bss) for __libspace_start
    sys_stackheap_outer.o(.text) refers to libspace.o(.text) for __user_perproc_libspace
    sys_stackheap_outer.o(.text) refers to sys_stackheap.o(.text) for __user_initial_stackheap
    exit.o(.text) refers to rtexit.o(.ARM.Collect$$rtexit$$00000000) for __rt_exit
    libinit.o(.ARM.Collect$$libinit$$00000000) refers (Special) to libinit2.o(.ARM.Collect$$libinit$$0000002E) for __rt_lib_init_alloca_1
    libinit.o(.ARM.Collect$$libinit$$00000000) refers (Special) to libinit2.o(.ARM.Collect$$libinit$$0000002C) for __rt_lib_init_argv_1
    libinit.o(.ARM.Collect$$libinit$$00000000) refers (Special) to libinit2.o(.ARM.Collect$$libinit$$0000001B) for __rt_lib_init_atexit_1
    libinit.o(.ARM.Collect$$libinit$$00000000) refers (Special) to libinit2.o(.ARM.Collect$$libinit$$00000021) for __rt_lib_init_clock_1
    libinit.o(.ARM.Collect$$libinit$$00000000) refers (Special) to libinit2.o(.ARM.Collect$$libinit$$00000032) for __rt_lib_init_cpp_1
    libinit.o(.ARM.Collect$$libinit$$00000000) refers (Special) to libinit2.o(.ARM.Collect$$libinit$$00000030) for __rt_lib_init_exceptions_1
    libinit.o(.ARM.Collect$$libinit$$00000000) refers (Special) to libinit2.o(.ARM.Collect$$libinit$$00000002) for __rt_lib_init_fp_1
    libinit.o(.ARM.Collect$$libinit$$00000000) refers (Special) to libinit2.o(.ARM.Collect$$libinit$$0000001F) for __rt_lib_init_fp_trap_1
    libinit.o(.ARM.Collect$$libinit$$00000000) refers (Special) to libinit2.o(.ARM.Collect$$libinit$$00000023) for __rt_lib_init_getenv_1
    libinit.o(.ARM.Collect$$libinit$$00000000) refers (Special) to libinit2.o(.ARM.Collect$$libinit$$0000000A) for __rt_lib_init_heap_1
    libinit.o(.ARM.Collect$$libinit$$00000000) refers (Special) to libinit2.o(.ARM.Collect$$libinit$$00000011) for __rt_lib_init_lc_collate_1
    libinit.o(.ARM.Collect$$libinit$$00000000) refers (Special) to libinit2.o(.ARM.Collect$$libinit$$00000013) for __rt_lib_init_lc_ctype_1
    libinit.o(.ARM.Collect$$libinit$$00000000) refers (Special) to libinit2.o(.ARM.Collect$$libinit$$00000015) for __rt_lib_init_lc_monetary_1
    libinit.o(.ARM.Collect$$libinit$$00000000) refers (Special) to libinit2.o(.ARM.Collect$$libinit$$00000017) for __rt_lib_init_lc_numeric_1
    libinit.o(.ARM.Collect$$libinit$$00000000) refers (Special) to libinit2.o(.ARM.Collect$$libinit$$00000019) for __rt_lib_init_lc_time_1
    libinit.o(.ARM.Collect$$libinit$$00000000) refers (Special) to libinit2.o(.ARM.Collect$$libinit$$00000004) for __rt_lib_init_preinit_1
    libinit.o(.ARM.Collect$$libinit$$00000000) refers (Special) to libinit2.o(.ARM.Collect$$libinit$$0000000E) for __rt_lib_init_rand_1
    libinit.o(.ARM.Collect$$libinit$$00000000) refers (Special) to libinit2.o(.ARM.Collect$$libinit$$00000033) for __rt_lib_init_return
    libinit.o(.ARM.Collect$$libinit$$00000000) refers (Special) to libinit2.o(.ARM.Collect$$libinit$$0000001D) for __rt_lib_init_signal_1
    libinit.o(.ARM.Collect$$libinit$$00000000) refers (Special) to libinit2.o(.ARM.Collect$$libinit$$00000025) for __rt_lib_init_stdio_1
    libinit.o(.ARM.Collect$$libinit$$00000000) refers (Special) to libinit2.o(.ARM.Collect$$libinit$$0000000C) for __rt_lib_init_user_alloc_1
    libinit2.o(.ARM.Collect$$libinit$$0000000F) refers (Weak) to rt_locale_intlibspace.o(.text) for __rt_locale
    libinit2.o(.ARM.Collect$$libinit$$00000010) refers to libinit2.o(.ARM.Collect$$libinit$$0000000F) for .ARM.Collect$$libinit$$0000000F
    libinit2.o(.ARM.Collect$$libinit$$00000012) refers to libinit2.o(.ARM.Collect$$libinit$$0000000F) for .ARM.Collect$$libinit$$0000000F
    libinit2.o(.ARM.Collect$$libinit$$00000014) refers to libinit2.o(.ARM.Collect$$libinit$$0000000F) for .ARM.Collect$$libinit$$0000000F
    libinit2.o(.ARM.Collect$$libinit$$00000016) refers to libinit2.o(.ARM.Collect$$libinit$$0000000F) for .ARM.Collect$$libinit$$0000000F
    libinit2.o(.ARM.Collect$$libinit$$00000016) refers (Weak) to lc_numeric_c.o(locale$$code) for _get_lc_numeric
    libinit2.o(.ARM.Collect$$libinit$$00000018) refers to libinit2.o(.ARM.Collect$$libinit$$0000000F) for .ARM.Collect$$libinit$$0000000F
    libinit2.o(.ARM.Collect$$libinit$$00000026) refers to argv_veneer.o(.emb_text) for __ARM_argv_veneer
    libinit2.o(.ARM.Collect$$libinit$$00000027) refers to argv_veneer.o(.emb_text) for __ARM_argv_veneer
    sys_stackheap.o(.text) refers (Special) to indicate_semi.o(.text) for __semihosting_library_function
    sys_stackheap.o(.text) refers to use_no_semi.o(.text) for __I$use$semihosting
    rtexit.o(.ARM.Collect$$rtexit$$00000000) refers (Special) to rtexit2.o(.ARM.Collect$$rtexit$$00000004) for __rt_exit_exit
    rtexit.o(.ARM.Collect$$rtexit$$00000000) refers (Special) to rtexit2.o(.ARM.Collect$$rtexit$$00000003) for __rt_exit_ls
    rtexit.o(.ARM.Collect$$rtexit$$00000000) refers (Special) to rtexit2.o(.ARM.Collect$$rtexit$$00000002) for __rt_exit_prels_1
    rtexit.o(.ARM.exidx) refers (Special) to rtexit2.o(.ARM.Collect$$rtexit$$00000004) for __rt_exit_exit
    rtexit.o(.ARM.exidx) refers (Special) to rtexit2.o(.ARM.Collect$$rtexit$$00000003) for __rt_exit_ls
    rtexit.o(.ARM.exidx) refers (Special) to rtexit2.o(.ARM.Collect$$rtexit$$00000002) for __rt_exit_prels_1
    rtexit.o(.ARM.exidx) refers to rtexit.o(.ARM.Collect$$rtexit$$00000000) for .ARM.Collect$$rtexit$$00000000
    argv_veneer.o(.emb_text) refers to no_argv.o(.text) for __ARM_get_argv
    libinit3.o(.ARM.Collect$$libinit$$00000006) refers to libinit3.o(.ARM.Collect$$libinit$$00002717) for __lit__00000000
    libinit3.o(.ARM.Collect$$libinit$$00002717) refers to startup_armcm4.o(HEAP) for __heap_base
    libinit3.o(.ARM.Collect$$libinit$$00000028) refers to libinit3.o(.ARM.Collect$$libinit$$00002739) for __lit__00000002
    libinit3.o(.ARM.Collect$$libinit$$00000028) refers to argv_veneer.o(.emb_text) for __ARM_argv_veneer
    libinit3.o(.ARM.Collect$$libinit$$00002739) refers to startup_armcm4.o(HEAP) for __heap_base
    rtexit2.o(.ARM.Collect$$rtexit$$00000003) refers to libshutdown.o(.ARM.Collect$$libshutdown$$00000000) for __rt_lib_shutdown
    rtexit2.o(.ARM.Collect$$rtexit$$00000004) refers to main.o(i._sys_exit) for _sys_exit
    rtexit2.o(.ARM.exidx) refers to rtexit2.o(.ARM.Collect$$rtexit$$00000001) for .ARM.Collect$$rtexit$$00000001
    rtexit2.o(.ARM.exidx) refers to rtexit2.o(.ARM.Collect$$rtexit$$00000003) for .ARM.Collect$$rtexit$$00000003
    rtexit2.o(.ARM.exidx) refers to rtexit2.o(.ARM.Collect$$rtexit$$00000004) for .ARM.Collect$$rtexit$$00000004
    _get_argv_nomalloc.o(.text) refers (Special) to hrguard.o(.text) for __heap_region$guard
    _get_argv_nomalloc.o(.text) refers to defsig_rtmem_outer.o(.text) for __rt_SIGRTMEM
    _get_argv_nomalloc.o(.text) refers to sys_command.o(.text) for _sys_command_string
    sys_command.o(.text) refers (Special) to use_no_semi.o(.text) for __I$use$semihosting
    sys_command.o(.text) refers (Special) to indicate_semi.o(.text) for __semihosting_library_function
    defsig_rtmem_outer.o(.text) refers to defsig_rtmem_inner.o(.text) for __rt_SIGRTMEM_inner
    defsig_rtmem_outer.o(.text) refers to defsig_exit.o(.text) for __sig_exit
    defsig_rtmem_formal.o(.text) refers to rt_raise.o(.text) for __rt_raise
    libshutdown.o(.ARM.Collect$$libshutdown$$00000000) refers (Special) to libshutdown2.o(.ARM.Collect$$libshutdown$$00000004) for __rt_lib_shutdown_cpp_1
    libshutdown.o(.ARM.Collect$$libshutdown$$00000000) refers (Special) to libshutdown2.o(.ARM.Collect$$libshutdown$$00000002) for __rt_lib_shutdown_fini_1
    libshutdown.o(.ARM.Collect$$libshutdown$$00000000) refers (Special) to libshutdown2.o(.ARM.Collect$$libshutdown$$00000009) for __rt_lib_shutdown_fp_trap_1
    libshutdown.o(.ARM.Collect$$libshutdown$$00000000) refers (Special) to libshutdown2.o(.ARM.Collect$$libshutdown$$00000011) for __rt_lib_shutdown_heap_1
    libshutdown.o(.ARM.Collect$$libshutdown$$00000000) refers (Special) to libshutdown2.o(.ARM.Collect$$libshutdown$$00000012) for __rt_lib_shutdown_return
    libshutdown.o(.ARM.Collect$$libshutdown$$00000000) refers (Special) to libshutdown2.o(.ARM.Collect$$libshutdown$$0000000C) for __rt_lib_shutdown_signal_1
    libshutdown.o(.ARM.Collect$$libshutdown$$00000000) refers (Special) to libshutdown2.o(.ARM.Collect$$libshutdown$$00000006) for __rt_lib_shutdown_stdio_1
    libshutdown.o(.ARM.Collect$$libshutdown$$00000000) refers (Special) to libshutdown2.o(.ARM.Collect$$libshutdown$$0000000E) for __rt_lib_shutdown_user_alloc_1
    rt_raise.o(.text) refers to __raise.o(.text) for __raise
    rt_raise.o(.text) refers to main.o(i._sys_exit) for _sys_exit
    defsig_exit.o(.text) refers to main.o(i._sys_exit) for _sys_exit
    defsig_rtmem_inner.o(.text) refers to defsig_general.o(.text) for __default_signal_display
    __raise.o(.text) refers to defsig.o(CL$$defsig) for __default_signal_handler
    defsig_general.o(.text) refers to main.o(i._ttywrch) for _ttywrch
    defsig.o(CL$$defsig) refers to defsig_rtmem_inner.o(.text) for __rt_SIGRTMEM_inner
    defsig_abrt_inner.o(.text) refers to defsig_general.o(.text) for __default_signal_display
    defsig_fpe_inner.o(.text) refers to defsig_general.o(.text) for __default_signal_display
    defsig_rtred_inner.o(.text) refers to defsig_general.o(.text) for __default_signal_display
    defsig_stak_inner.o(.text) refers to defsig_general.o(.text) for __default_signal_display
    defsig_pvfn_inner.o(.text) refers to defsig_general.o(.text) for __default_signal_display
    defsig_cppl_inner.o(.text) refers to defsig_general.o(.text) for __default_signal_display
    defsig_segv_inner.o(.text) refers to defsig_general.o(.text) for __default_signal_display
    defsig_other.o(.text) refers to defsig_general.o(.text) for __default_signal_display


==============================================================================

Removing Unused input sections from the image.

    Removing main.o(.rev16_text), (4 bytes).
    Removing main.o(.revsh_text), (4 bytes).
    Removing main.o(.rrx_text), (6 bytes).
    Removing main.o(i._ttywrch), (20 bytes).
    Removing main.o(i.add), (6 bytes).
    Removing main.o(i.fgetc), (64 bytes).
    Removing main.o(i.sub), (6 bytes).
    Removing startup_armcm4.o(HEAP), (3072 bytes).
    Removing system_armcm4.o(.rev16_text), (4 bytes).
    Removing system_armcm4.o(.revsh_text), (4 bytes).
    Removing system_armcm4.o(.rrx_text), (6 bytes).
    Removing system_armcm4.o(i.SystemCoreClockUpdate), (16 bytes).

12 unused section(s) (total 3212 bytes) removed from the image.

==============================================================================

Image Symbol Table

    Local Symbols

    Symbol Name                              Value     Ov Type        Size  Object(Section)

    RESET                                    0x00000000   Section      960  startup_armcm4.o(RESET)
    ../clib/angel/boardlib.s                 0x00000000   Number         0  boardshut.o ABSOLUTE
    ../clib/angel/boardlib.s                 0x00000000   Number         0  boardinit1.o ABSOLUTE
    ../clib/angel/boardlib.s                 0x00000000   Number         0  boardinit2.o ABSOLUTE
    ../clib/angel/boardlib.s                 0x00000000   Number         0  boardinit3.o ABSOLUTE
    ../clib/angel/handlers.s                 0x00000000   Number         0  __scatter_zi.o ABSOLUTE
    ../clib/angel/handlers.s                 0x00000000   Number         0  __scatter_copy.o ABSOLUTE
    ../clib/angel/kernel.s                   0x00000000   Number         0  __rtentry2.o ABSOLUTE
    ../clib/angel/kernel.s                   0x00000000   Number         0  rtexit.o ABSOLUTE
    ../clib/angel/kernel.s                   0x00000000   Number         0  __rtentry4.o ABSOLUTE
    ../clib/angel/kernel.s                   0x00000000   Number         0  __rtentry.o ABSOLUTE
    ../clib/angel/kernel.s                   0x00000000   Number         0  rtexit2.o ABSOLUTE
    ../clib/angel/kernel.s                   0x00000000   Number         0  __rtentry5.o ABSOLUTE
    ../clib/angel/rt.s                       0x00000000   Number         0  rt_locale.o ABSOLUTE
    ../clib/angel/rt.s                       0x00000000   Number         0  rt_raise.o ABSOLUTE
    ../clib/angel/rt.s                       0x00000000   Number         0  rt_locale_intlibspace.o ABSOLUTE
    ../clib/angel/scatter.s                  0x00000000   Number         0  __scatter.o ABSOLUTE
    ../clib/angel/startup.s                  0x00000000   Number         0  __main.o ABSOLUTE
    ../clib/angel/sys.s                      0x00000000   Number         0  sys_stackheap_outer.o ABSOLUTE
    ../clib/angel/sys.s                      0x00000000   Number         0  libspace.o ABSOLUTE
    ../clib/angel/sys.s                      0x00000000   Number         0  indicate_semi.o ABSOLUTE
    ../clib/angel/sys.s                      0x00000000   Number         0  sys_stackheap.o ABSOLUTE
    ../clib/angel/sys.s                      0x00000000   Number         0  use_no_semi.o ABSOLUTE
    ../clib/angel/sysapp.c                   0x00000000   Number         0  sys_command.o ABSOLUTE
    ../clib/armsys.c                         0x00000000   Number         0  no_argv.o ABSOLUTE
    ../clib/armsys.c                         0x00000000   Number         0  _get_argv_nomalloc.o ABSOLUTE
    ../clib/armsys.c                         0x00000000   Number         0  argv_veneer.o ABSOLUTE
    ../clib/armsys.c                         0x00000000   Number         0  argv_veneer.o ABSOLUTE
    ../clib/bigflt.c                         0x00000000   Number         0  bigflt0.o ABSOLUTE
    ../clib/btod.s                           0x00000000   Number         0  btod.o ABSOLUTE
    ../clib/heapalloc.c                      0x00000000   Number         0  hrguard.o ABSOLUTE
    ../clib/heapaux.c                        0x00000000   Number         0  heapauxi.o ABSOLUTE
    ../clib/libinit.s                        0x00000000   Number         0  libinit.o ABSOLUTE
    ../clib/libinit.s                        0x00000000   Number         0  libshutdown.o ABSOLUTE
    ../clib/libinit.s                        0x00000000   Number         0  libshutdown2.o ABSOLUTE
    ../clib/libinit.s                        0x00000000   Number         0  libinit3.o ABSOLUTE
    ../clib/libinit.s                        0x00000000   Number         0  libinit2.o ABSOLUTE
    ../clib/locale.s                         0x00000000   Number         0  lc_numeric_c.o ABSOLUTE
    ../clib/longlong.s                       0x00000000   Number         0  lludiv10.o ABSOLUTE
    ../clib/memcpset.s                       0x00000000   Number         0  strcmpv7m.o ABSOLUTE
    ../clib/printf.c                         0x00000000   Number         0  __printf_wp.o ABSOLUTE
    ../clib/printf.c                         0x00000000   Number         0  __2printf.o ABSOLUTE
    ../clib/printf.c                         0x00000000   Number         0  noretval__2printf.o ABSOLUTE
    ../clib/printf.c                         0x00000000   Number         0  __printf.o ABSOLUTE
    ../clib/printf.c                         0x00000000   Number         0  _printf_dec.o ABSOLUTE
    ../clib/printf.c                         0x00000000   Number         0  __printf_flags.o ABSOLUTE
    ../clib/printf.c                         0x00000000   Number         0  __printf_flags_ss.o ABSOLUTE
    ../clib/printf.c                         0x00000000   Number         0  __printf_flags_wp.o ABSOLUTE
    ../clib/printf.c                         0x00000000   Number         0  __printf_ss_wp.o ABSOLUTE
    ../clib/printf.c                         0x00000000   Number         0  __printf_flags_ss_wp.o ABSOLUTE
    ../clib/printf.c                         0x00000000   Number         0  __printf_ss.o ABSOLUTE
    ../clib/printf.c                         0x00000000   Number         0  _printf_intcommon.o ABSOLUTE
    ../clib/printf.c                         0x00000000   Number         0  _printf_fp_dec.o ABSOLUTE
    ../clib/printf.c                         0x00000000   Number         0  _printf_char_file.o ABSOLUTE
    ../clib/printf.c                         0x00000000   Number         0  __printf_nopercent.o ABSOLUTE
    ../clib/printf.c                         0x00000000   Number         0  _printf_char_common.o ABSOLUTE
    ../clib/printf.c                         0x00000000   Number         0  _printf_fp_infnan.o ABSOLUTE
    ../clib/printf_percent.s                 0x00000000   Number         0  _printf_d.o ABSOLUTE
    ../clib/printf_percent.s                 0x00000000   Number         0  _printf_percent_end.o ABSOLUTE
    ../clib/printf_percent.s                 0x00000000   Number         0  _printf_percent.o ABSOLUTE
    ../clib/printf_percent.s                 0x00000000   Number         0  _printf_f.o ABSOLUTE
    ../clib/signal.c                         0x00000000   Number         0  defsig_exit.o ABSOLUTE
    ../clib/signal.c                         0x00000000   Number         0  defsig_rtmem_formal.o ABSOLUTE
    ../clib/signal.c                         0x00000000   Number         0  defsig_rtmem_outer.o ABSOLUTE
    ../clib/signal.c                         0x00000000   Number         0  __raise.o ABSOLUTE
    ../clib/signal.c                         0x00000000   Number         0  defsig_abrt_inner.o ABSOLUTE
    ../clib/signal.c                         0x00000000   Number         0  defsig_fpe_inner.o ABSOLUTE
    ../clib/signal.c                         0x00000000   Number         0  defsig_rtred_inner.o ABSOLUTE
    ../clib/signal.c                         0x00000000   Number         0  defsig_segv_inner.o ABSOLUTE
    ../clib/signal.c                         0x00000000   Number         0  defsig_stak_inner.o ABSOLUTE
    ../clib/signal.c                         0x00000000   Number         0  defsig_cppl_inner.o ABSOLUTE
    ../clib/signal.c                         0x00000000   Number         0  defsig_pvfn_inner.o ABSOLUTE
    ../clib/signal.c                         0x00000000   Number         0  defsig_other.o ABSOLUTE
    ../clib/signal.c                         0x00000000   Number         0  defsig_rtmem_inner.o ABSOLUTE
    ../clib/signal.c                         0x00000000   Number         0  defsig_general.o ABSOLUTE
    ../clib/signal.s                         0x00000000   Number         0  defsig.o ABSOLUTE
    ../clib/stdlib.c                         0x00000000   Number         0  exit.o ABSOLUTE
    ../fplib/dretinf.s                       0x00000000   Number         0  dretinf.o ABSOLUTE
    ../fplib/f2d.s                           0x00000000   Number         0  f2d.o ABSOLUTE
    ../fplib/faddsub.s                       0x00000000   Number         0  faddsub_clz.o ABSOLUTE
    ../fplib/fcmpi.s                         0x00000000   Number         0  fcmpi.o ABSOLUTE
    ../fplib/fdiv.s                          0x00000000   Number         0  fdiv.o ABSOLUTE
    ../fplib/feqf.s                          0x00000000   Number         0  feqf.o ABSOLUTE
    ../fplib/fflt.s                          0x00000000   Number         0  fflt_clz.o ABSOLUTE
    ../fplib/fnaninf.s                       0x00000000   Number         0  fnaninf.o ABSOLUTE
    ../fplib/fpinit.s                        0x00000000   Number         0  fpinit.o ABSOLUTE
    ../fplib/fretinf.s                       0x00000000   Number         0  fretinf.o ABSOLUTE
    ../fplib/istatus.s                       0x00000000   Number         0  istatus.o ABSOLUTE
    ../fplib/printf1.s                       0x00000000   Number         0  printf1.o ABSOLUTE
    ../fplib/usenofp.s                       0x00000000   Number         0  usenofp.o ABSOLUTE
    ../mathlib/fpclassify.c                  0x00000000   Number         0  fpclassify.o ABSOLUTE
    RTE\Device\ARMCM4\startup_ARMCM4.s       0x00000000   Number         0  startup_armcm4.o ABSOLUTE
    RTE\Device\ARMCM4\system_ARMCM4.c        0x00000000   Number         0  system_armcm4.o ABSOLUTE
    RTE\\Device\\ARMCM4\\system_ARMCM4.c     0x00000000   Number         0  system_armcm4.o ABSOLUTE
    dc.s                                     0x00000000   Number         0  dc.o ABSOLUTE
    main.c                                   0x00000000   Number         0  main.o ABSOLUTE
    main.c                                   0x00000000   Number         0  main.o ABSOLUTE
    !!!main                                  0x000003c0   Section        8  __main.o(!!!main)
    !!!scatter                               0x000003c8   Section       52  __scatter.o(!!!scatter)
    !!handler_copy                           0x000003fc   Section       26  __scatter_copy.o(!!handler_copy)
    !!handler_zi                             0x00000418   Section       28  __scatter_zi.o(!!handler_zi)
    .ARM.Collect$$_printf_percent$$00000000  0x00000434   Section        0  _printf_percent.o(.ARM.Collect$$_printf_percent$$00000000)
    .ARM.Collect$$_printf_percent$$00000003  0x00000434   Section        6  _printf_f.o(.ARM.Collect$$_printf_percent$$00000003)
    .ARM.Collect$$_printf_percent$$00000009  0x0000043a   Section        6  _printf_d.o(.ARM.Collect$$_printf_percent$$00000009)
    .ARM.Collect$$_printf_percent$$00000017  0x00000440   Section        4  _printf_percent_end.o(.ARM.Collect$$_printf_percent$$00000017)
    .ARM.Collect$$libinit$$00000000          0x00000444   Section        2  libinit.o(.ARM.Collect$$libinit$$00000000)
    .ARM.Collect$$libinit$$00000002          0x00000446   Section        0  libinit2.o(.ARM.Collect$$libinit$$00000002)
    .ARM.Collect$$libinit$$00000004          0x00000446   Section        0  libinit2.o(.ARM.Collect$$libinit$$00000004)
    .ARM.Collect$$libinit$$0000000A          0x00000446   Section        0  libinit2.o(.ARM.Collect$$libinit$$0000000A)
    .ARM.Collect$$libinit$$0000000C          0x00000446   Section        0  libinit2.o(.ARM.Collect$$libinit$$0000000C)
    .ARM.Collect$$libinit$$0000000E          0x00000446   Section        0  libinit2.o(.ARM.Collect$$libinit$$0000000E)
    .ARM.Collect$$libinit$$0000000F          0x00000446   Section        6  libinit2.o(.ARM.Collect$$libinit$$0000000F)
    .ARM.Collect$$libinit$$00000011          0x0000044c   Section        0  libinit2.o(.ARM.Collect$$libinit$$00000011)
    .ARM.Collect$$libinit$$00000013          0x0000044c   Section        0  libinit2.o(.ARM.Collect$$libinit$$00000013)
    .ARM.Collect$$libinit$$00000015          0x0000044c   Section        0  libinit2.o(.ARM.Collect$$libinit$$00000015)
    .ARM.Collect$$libinit$$00000016          0x0000044c   Section       10  libinit2.o(.ARM.Collect$$libinit$$00000016)
    .ARM.Collect$$libinit$$00000017          0x00000456   Section        0  libinit2.o(.ARM.Collect$$libinit$$00000017)
    .ARM.Collect$$libinit$$00000019          0x00000456   Section        0  libinit2.o(.ARM.Collect$$libinit$$00000019)
    .ARM.Collect$$libinit$$0000001B          0x00000456   Section        0  libinit2.o(.ARM.Collect$$libinit$$0000001B)
    .ARM.Collect$$libinit$$0000001D          0x00000456   Section        0  libinit2.o(.ARM.Collect$$libinit$$0000001D)
    .ARM.Collect$$libinit$$0000001F          0x00000456   Section        0  libinit2.o(.ARM.Collect$$libinit$$0000001F)
    .ARM.Collect$$libinit$$00000021          0x00000456   Section        0  libinit2.o(.ARM.Collect$$libinit$$00000021)
    .ARM.Collect$$libinit$$00000023          0x00000456   Section        0  libinit2.o(.ARM.Collect$$libinit$$00000023)
    .ARM.Collect$$libinit$$00000025          0x00000456   Section        0  libinit2.o(.ARM.Collect$$libinit$$00000025)
    .ARM.Collect$$libinit$$0000002C          0x00000456   Section        0  libinit2.o(.ARM.Collect$$libinit$$0000002C)
    .ARM.Collect$$libinit$$0000002E          0x00000456   Section        0  libinit2.o(.ARM.Collect$$libinit$$0000002E)
    .ARM.Collect$$libinit$$00000030          0x00000456   Section        0  libinit2.o(.ARM.Collect$$libinit$$00000030)
    .ARM.Collect$$libinit$$00000032          0x00000456   Section        0  libinit2.o(.ARM.Collect$$libinit$$00000032)
    .ARM.Collect$$libinit$$00000033          0x00000456   Section        2  libinit2.o(.ARM.Collect$$libinit$$00000033)
    .ARM.Collect$$libshutdown$$00000000      0x00000458   Section        2  libshutdown.o(.ARM.Collect$$libshutdown$$00000000)
    .ARM.Collect$$libshutdown$$00000002      0x0000045a   Section        0  libshutdown2.o(.ARM.Collect$$libshutdown$$00000002)
    .ARM.Collect$$libshutdown$$00000004      0x0000045a   Section        0  libshutdown2.o(.ARM.Collect$$libshutdown$$00000004)
    .ARM.Collect$$libshutdown$$00000006      0x0000045a   Section        0  libshutdown2.o(.ARM.Collect$$libshutdown$$00000006)
    .ARM.Collect$$libshutdown$$00000009      0x0000045a   Section        0  libshutdown2.o(.ARM.Collect$$libshutdown$$00000009)
    .ARM.Collect$$libshutdown$$0000000C      0x0000045a   Section        0  libshutdown2.o(.ARM.Collect$$libshutdown$$0000000C)
    .ARM.Collect$$libshutdown$$0000000E      0x0000045a   Section        0  libshutdown2.o(.ARM.Collect$$libshutdown$$0000000E)
    .ARM.Collect$$libshutdown$$00000011      0x0000045a   Section        0  libshutdown2.o(.ARM.Collect$$libshutdown$$00000011)
    .ARM.Collect$$libshutdown$$00000012      0x0000045a   Section        2  libshutdown2.o(.ARM.Collect$$libshutdown$$00000012)
    .ARM.Collect$$rtentry$$00000000          0x0000045c   Section        0  __rtentry.o(.ARM.Collect$$rtentry$$00000000)
    .ARM.Collect$$rtentry$$00000002          0x0000045c   Section        0  __rtentry2.o(.ARM.Collect$$rtentry$$00000002)
    .ARM.Collect$$rtentry$$00000005          0x0000045c   Section        4  __rtentry5.o(.ARM.Collect$$rtentry$$00000005)
    .ARM.Collect$$rtentry$$00000009          0x00000460   Section        0  __rtentry2.o(.ARM.Collect$$rtentry$$00000009)
    .ARM.Collect$$rtentry$$0000000A          0x00000460   Section        4  __rtentry2.o(.ARM.Collect$$rtentry$$0000000A)
    .ARM.Collect$$rtentry$$0000000C          0x00000464   Section        0  __rtentry2.o(.ARM.Collect$$rtentry$$0000000C)
    .ARM.Collect$$rtentry$$0000000D          0x00000464   Section        8  __rtentry2.o(.ARM.Collect$$rtentry$$0000000D)
    .ARM.Collect$$rtentry$$00002716          0x0000046c   Section        4  __rtentry5.o(.ARM.Collect$$rtentry$$00002716)
    __lit__00000000                          0x0000046c   Data           4  __rtentry5.o(.ARM.Collect$$rtentry$$00002716)
    .ARM.Collect$$rtexit$$00000000           0x00000470   Section        2  rtexit.o(.ARM.Collect$$rtexit$$00000000)
    .ARM.Collect$$rtexit$$00000002           0x00000472   Section        0  rtexit2.o(.ARM.Collect$$rtexit$$00000002)
    .ARM.Collect$$rtexit$$00000003           0x00000472   Section        4  rtexit2.o(.ARM.Collect$$rtexit$$00000003)
    .ARM.Collect$$rtexit$$00000004           0x00000476   Section        6  rtexit2.o(.ARM.Collect$$rtexit$$00000004)
    .text                                    0x0000047c   Section       56  startup_armcm4.o(.text)
    .text                                    0x000004b4   Section        0  noretval__2printf.o(.text)
    .text                                    0x000004cc   Section        0  __printf.o(.text)
    .text                                    0x00000534   Section        0  _printf_dec.o(.text)
    .text                                    0x000005ac   Section        0  heapauxi.o(.text)
    .text                                    0x000005b2   Section        0  _printf_intcommon.o(.text)
    .text                                    0x00000664   Section        0  _printf_fp_dec.o(.text)
    _fp_digits                               0x00000667   Thumb Code   432  _printf_fp_dec.o(.text)
    .text                                    0x00000a84   Section        0  _printf_char_file.o(.text)
    .text                                    0x00000aa8   Section        8  rt_locale_intlibspace.o(.text)
    .text                                    0x00000ab0   Section      138  lludiv10.o(.text)
    .text                                    0x00000b3c   Section        0  _printf_char_common.o(.text)
    _printf_input_char                       0x00000b3d   Thumb Code    10  _printf_char_common.o(.text)
    .text                                    0x00000b6c   Section        0  _printf_fp_infnan.o(.text)
    .text                                    0x00000bec   Section        0  bigflt0.o(.text)
    .text                                    0x00000cd0   Section        0  exit.o(.text)
    .text                                    0x00000ce4   Section      128  strcmpv7m.o(.text)
    CL$$btod_d2e                             0x00000d64   Section       62  btod.o(CL$$btod_d2e)
    CL$$btod_d2e_denorm_low                  0x00000da2   Section       70  btod.o(CL$$btod_d2e_denorm_low)
    CL$$btod_d2e_norm_op1                    0x00000de8   Section       96  btod.o(CL$$btod_d2e_norm_op1)
    CL$$btod_div_common                      0x00000e48   Section      824  btod.o(CL$$btod_div_common)
    CL$$btod_e2e                             0x00001180   Section      220  btod.o(CL$$btod_e2e)
    CL$$btod_ediv                            0x0000125c   Section       42  btod.o(CL$$btod_ediv)
    CL$$btod_emul                            0x00001286   Section       42  btod.o(CL$$btod_emul)
    CL$$btod_mult_common                     0x000012b0   Section      580  btod.o(CL$$btod_mult_common)
    i.SystemInit                             0x000014f4   Section        0  system_armcm4.o(i.SystemInit)
    i.__ARM_fpclassify                       0x00001514   Section        0  fpclassify.o(i.__ARM_fpclassify)
    i._sys_exit                              0x0000153c   Section        0  main.o(i._sys_exit)
    i.ferror                                 0x00001540   Section        0  main.o(i.ferror)
    i.fputc                                  0x00001548   Section        0  main.o(i.fputc)
    i.main                                   0x00001580   Section        0  main.o(i.main)
    locale$$code                             0x0000167c   Section       44  lc_numeric_c.o(locale$$code)
    x$fpl$dretinf                            0x000016a8   Section       12  dretinf.o(x$fpl$dretinf)
    x$fpl$f2d                                0x000016b4   Section       86  f2d.o(x$fpl$f2d)
    x$fpl$fadd                               0x0000170c   Section      196  faddsub_clz.o(x$fpl$fadd)
    _fadd1                                   0x0000171b   Thumb Code     0  faddsub_clz.o(x$fpl$fadd)
    x$fpl$fcmpinf                            0x000017d0   Section       24  fcmpi.o(x$fpl$fcmpinf)
    x$fpl$fdiv                               0x000017e8   Section      388  fdiv.o(x$fpl$fdiv)
    _fdiv1                                   0x000017e9   Thumb Code     0  fdiv.o(x$fpl$fdiv)
    x$fpl$feqf                               0x0000196c   Section      104  feqf.o(x$fpl$feqf)
    x$fpl$fflt                               0x000019d4   Section       48  fflt_clz.o(x$fpl$fflt)
    x$fpl$fnaninf                            0x00001a04   Section      140  fnaninf.o(x$fpl$fnaninf)
    x$fpl$fretinf                            0x00001a90   Section       10  fretinf.o(x$fpl$fretinf)
    x$fpl$fsub                               0x00001a9c   Section      234  faddsub_clz.o(x$fpl$fsub)
    _fsub1                                   0x00001aab   Thumb Code     0  faddsub_clz.o(x$fpl$fsub)
    x$fpl$printf1                            0x00001b86   Section        4  printf1.o(x$fpl$printf1)
    x$fpl$usenofp                            0x00001b8a   Section        0  usenofp.o(x$fpl$usenofp)
    .constdata                               0x00001b8c   Section      148  bigflt0.o(.constdata)
    tenpwrs_x                                0x00001b8c   Data          60  bigflt0.o(.constdata)
    tenpwrs_i                                0x00001bc8   Data          64  bigflt0.o(.constdata)
    locale$$data                             0x00001c40   Section       28  lc_numeric_c.o(locale$$data)
    __lcnum_c_name                           0x00001c44   Data           2  lc_numeric_c.o(locale$$data)
    __lcnum_c_start                          0x00001c4c   Data           0  lc_numeric_c.o(locale$$data)
    __lcnum_c_point                          0x00001c58   Data           0  lc_numeric_c.o(locale$$data)
    __lcnum_c_thousands                      0x00001c5a   Data           0  lc_numeric_c.o(locale$$data)
    __lcnum_c_grouping                       0x00001c5b   Data           0  lc_numeric_c.o(locale$$data)
    __lcnum_c_end                            0x00001c5c   Data           0  lc_numeric_c.o(locale$$data)
    .data                                    0x20000000   Section       12  main.o(.data)
    .data                                    0x2000000c   Section        4  system_armcm4.o(.data)
    .bss                                     0x20000010   Section       96  libspace.o(.bss)
    STACK                                    0x20000070   Section     1024  startup_armcm4.o(STACK)

    Global Symbols

    Symbol Name                              Value     Ov Type        Size  Object(Section)

    BuildAttributes$$THM_ISAv4$E$P$D$K$B$S$7EM$PE$A:L22UL41UL21$X:L11$S22US41US21$IEEE1$IW$USESV6$~STKCKD$USESV7$~SHL$OTIME$ROPI$IEEEJ$EBA8$UX$STANDARDLIB$REQ8$PRES8$EABIv2 0x00000000   Number         0  anon$$obj.o ABSOLUTE
    __ARM_use_no_argv                        0x00000000   Number         0  main.o ABSOLUTE
    __Vectors                                0x00000000   Data           4  startup_armcm4.o(RESET)
    Image$$ZI$$Limit                          - Undefined Weak Reference
    __ARM_exceptions_init                     - Undefined Weak Reference
    __alloca_initialize                       - Undefined Weak Reference
    __arm_fini_                               - Undefined Weak Reference
    __arm_preinit_                            - Undefined Weak Reference
    __cpp_initialize__aeabi_                  - Undefined Weak Reference
    __cxa_finalize                            - Undefined Weak Reference
    __sigvec_lookup                           - Undefined Weak Reference
    _atexit_init                              - Undefined Weak Reference
    _call_atexit_fns                          - Undefined Weak Reference
    _clock_init                               - Undefined Weak Reference
    _fp_trap_init                             - Undefined Weak Reference
    _fp_trap_shutdown                         - Undefined Weak Reference
    _get_lc_collate                           - Undefined Weak Reference
    _get_lc_ctype                             - Undefined Weak Reference
    _get_lc_monetary                          - Undefined Weak Reference
    _get_lc_time                              - Undefined Weak Reference
    _getenv_init                              - Undefined Weak Reference
    _handle_redirection                       - Undefined Weak Reference
    _init_alloc                               - Undefined Weak Reference
    _init_user_alloc                          - Undefined Weak Reference
    _initio                                   - Undefined Weak Reference
    _printf_post_padding                      - Undefined Weak Reference
    _printf_pre_padding                       - Undefined Weak Reference
    _printf_truncate_signed                   - Undefined Weak Reference
    _printf_truncate_unsigned                 - Undefined Weak Reference
    _rand_init                                - Undefined Weak Reference
    _signal_finish                            - Undefined Weak Reference
    _signal_init                              - Undefined Weak Reference
    _terminate_alloc                          - Undefined Weak Reference
    _terminate_user_alloc                     - Undefined Weak Reference
    _terminateio                              - Undefined Weak Reference
    __Vectors_End                            0x000003c0   Data           0  startup_armcm4.o(RESET)
    __Vectors_Size                           0x000003c0   Number         0  startup_armcm4.o ABSOLUTE
    __main                                   0x000003c1   Thumb Code     8  __main.o(!!!main)
    __scatterload                            0x000003c9   Thumb Code     0  __scatter.o(!!!scatter)
    __scatterload_rt2                        0x000003c9   Thumb Code    44  __scatter.o(!!!scatter)
    __scatterload_rt2_thumb_only             0x000003c9   Thumb Code     0  __scatter.o(!!!scatter)
    __scatterload_null                       0x000003d7   Thumb Code     0  __scatter.o(!!!scatter)
    __scatterload_copy                       0x000003fd   Thumb Code    26  __scatter_copy.o(!!handler_copy)
    __scatterload_zeroinit                   0x00000419   Thumb Code    28  __scatter_zi.o(!!handler_zi)
    _printf_f                                0x00000435   Thumb Code     0  _printf_f.o(.ARM.Collect$$_printf_percent$$00000003)
    _printf_percent                          0x00000435   Thumb Code     0  _printf_percent.o(.ARM.Collect$$_printf_percent$$00000000)
    _printf_d                                0x0000043b   Thumb Code     0  _printf_d.o(.ARM.Collect$$_printf_percent$$00000009)
    _printf_percent_end                      0x00000441   Thumb Code     0  _printf_percent_end.o(.ARM.Collect$$_printf_percent$$00000017)
    __rt_lib_init                            0x00000445   Thumb Code     0  libinit.o(.ARM.Collect$$libinit$$00000000)
    __rt_lib_init_fp_1                       0x00000447   Thumb Code     0  libinit2.o(.ARM.Collect$$libinit$$00000002)
    __rt_lib_init_heap_1                     0x00000447   Thumb Code     0  libinit2.o(.ARM.Collect$$libinit$$0000000A)
    __rt_lib_init_lc_common                  0x00000447   Thumb Code     0  libinit2.o(.ARM.Collect$$libinit$$0000000F)
    __rt_lib_init_preinit_1                  0x00000447   Thumb Code     0  libinit2.o(.ARM.Collect$$libinit$$00000004)
    __rt_lib_init_rand_1                     0x00000447   Thumb Code     0  libinit2.o(.ARM.Collect$$libinit$$0000000E)
    __rt_lib_init_user_alloc_1               0x00000447   Thumb Code     0  libinit2.o(.ARM.Collect$$libinit$$0000000C)
    __rt_lib_init_lc_collate_1               0x0000044d   Thumb Code     0  libinit2.o(.ARM.Collect$$libinit$$00000011)
    __rt_lib_init_lc_ctype_1                 0x0000044d   Thumb Code     0  libinit2.o(.ARM.Collect$$libinit$$00000013)
    __rt_lib_init_lc_monetary_1              0x0000044d   Thumb Code     0  libinit2.o(.ARM.Collect$$libinit$$00000015)
    __rt_lib_init_lc_numeric_2               0x0000044d   Thumb Code     0  libinit2.o(.ARM.Collect$$libinit$$00000016)
    __rt_lib_init_alloca_1                   0x00000457   Thumb Code     0  libinit2.o(.ARM.Collect$$libinit$$0000002E)
    __rt_lib_init_argv_1                     0x00000457   Thumb Code     0  libinit2.o(.ARM.Collect$$libinit$$0000002C)
    __rt_lib_init_atexit_1                   0x00000457   Thumb Code     0  libinit2.o(.ARM.Collect$$libinit$$0000001B)
    __rt_lib_init_clock_1                    0x00000457   Thumb Code     0  libinit2.o(.ARM.Collect$$libinit$$00000021)
    __rt_lib_init_cpp_1                      0x00000457   Thumb Code     0  libinit2.o(.ARM.Collect$$libinit$$00000032)
    __rt_lib_init_exceptions_1               0x00000457   Thumb Code     0  libinit2.o(.ARM.Collect$$libinit$$00000030)
    __rt_lib_init_fp_trap_1                  0x00000457   Thumb Code     0  libinit2.o(.ARM.Collect$$libinit$$0000001F)
    __rt_lib_init_getenv_1                   0x00000457   Thumb Code     0  libinit2.o(.ARM.Collect$$libinit$$00000023)
    __rt_lib_init_lc_numeric_1               0x00000457   Thumb Code     0  libinit2.o(.ARM.Collect$$libinit$$00000017)
    __rt_lib_init_lc_time_1                  0x00000457   Thumb Code     0  libinit2.o(.ARM.Collect$$libinit$$00000019)
    __rt_lib_init_return                     0x00000457   Thumb Code     0  libinit2.o(.ARM.Collect$$libinit$$00000033)
    __rt_lib_init_signal_1                   0x00000457   Thumb Code     0  libinit2.o(.ARM.Collect$$libinit$$0000001D)
    __rt_lib_init_stdio_1                    0x00000457   Thumb Code     0  libinit2.o(.ARM.Collect$$libinit$$00000025)
    __rt_lib_shutdown                        0x00000459   Thumb Code     0  libshutdown.o(.ARM.Collect$$libshutdown$$00000000)
    __rt_lib_shutdown_cpp_1                  0x0000045b   Thumb Code     0  libshutdown2.o(.ARM.Collect$$libshutdown$$00000004)
    __rt_lib_shutdown_fini_1                 0x0000045b   Thumb Code     0  libshutdown2.o(.ARM.Collect$$libshutdown$$00000002)
    __rt_lib_shutdown_fp_trap_1              0x0000045b   Thumb Code     0  libshutdown2.o(.ARM.Collect$$libshutdown$$00000009)
    __rt_lib_shutdown_heap_1                 0x0000045b   Thumb Code     0  libshutdown2.o(.ARM.Collect$$libshutdown$$00000011)
    __rt_lib_shutdown_return                 0x0000045b   Thumb Code     0  libshutdown2.o(.ARM.Collect$$libshutdown$$00000012)
    __rt_lib_shutdown_signal_1               0x0000045b   Thumb Code     0  libshutdown2.o(.ARM.Collect$$libshutdown$$0000000C)
    __rt_lib_shutdown_stdio_1                0x0000045b   Thumb Code     0  libshutdown2.o(.ARM.Collect$$libshutdown$$00000006)
    __rt_lib_shutdown_user_alloc_1           0x0000045b   Thumb Code     0  libshutdown2.o(.ARM.Collect$$libshutdown$$0000000E)
    __rt_entry                               0x0000045d   Thumb Code     0  __rtentry.o(.ARM.Collect$$rtentry$$00000000)
    __rt_entry_presh_1                       0x0000045d   Thumb Code     0  __rtentry2.o(.ARM.Collect$$rtentry$$00000002)
    __rt_entry_sh                            0x0000045d   Thumb Code     0  __rtentry5.o(.ARM.Collect$$rtentry$$00000005)
    __rt_entry_li                            0x00000461   Thumb Code     0  __rtentry2.o(.ARM.Collect$$rtentry$$0000000A)
    __rt_entry_postsh_1                      0x00000461   Thumb Code     0  __rtentry2.o(.ARM.Collect$$rtentry$$00000009)
    __rt_entry_main                          0x00000465   Thumb Code     0  __rtentry2.o(.ARM.Collect$$rtentry$$0000000D)
    __rt_entry_postli_1                      0x00000465   Thumb Code     0  __rtentry2.o(.ARM.Collect$$rtentry$$0000000C)
    __rt_exit                                0x00000471   Thumb Code     0  rtexit.o(.ARM.Collect$$rtexit$$00000000)
    __rt_exit_ls                             0x00000473   Thumb Code     0  rtexit2.o(.ARM.Collect$$rtexit$$00000003)
    __rt_exit_prels_1                        0x00000473   Thumb Code     0  rtexit2.o(.ARM.Collect$$rtexit$$00000002)
    __rt_exit_exit                           0x00000477   Thumb Code     0  rtexit2.o(.ARM.Collect$$rtexit$$00000004)
    Reset_Handler                            0x0000047d   Thumb Code     8  startup_armcm4.o(.text)
    HardFault_Handler                        0x00000485   Thumb Code     2  startup_armcm4.o(.text)
    NMI_Handler                              0x00000487   Thumb Code     2  startup_armcm4.o(.text)
    MemManage_Handler                        0x00000489   Thumb Code     2  startup_armcm4.o(.text)
    BusFault_Handler                         0x0000048b   Thumb Code     2  startup_armcm4.o(.text)
    UsageFault_Handler                       0x0000048d   Thumb Code     2  startup_armcm4.o(.text)
    SVC_Handler                              0x0000048f   Thumb Code     2  startup_armcm4.o(.text)
    DebugMon_Handler                         0x00000491   Thumb Code     2  startup_armcm4.o(.text)
    PendSV_Handler                           0x00000493   Thumb Code     2  startup_armcm4.o(.text)
    SysTick_Handler                          0x00000495   Thumb Code     2  startup_armcm4.o(.text)
    Interrupt0_Handler                       0x00000497   Thumb Code     2  startup_armcm4.o(.text)
    Interrupt1_Handler                       0x00000499   Thumb Code     2  startup_armcm4.o(.text)
    Interrupt2_Handler                       0x0000049b   Thumb Code     2  startup_armcm4.o(.text)
    Interrupt3_Handler                       0x0000049d   Thumb Code     2  startup_armcm4.o(.text)
    Interrupt4_Handler                       0x0000049f   Thumb Code     2  startup_armcm4.o(.text)
    Interrupt5_Handler                       0x000004a1   Thumb Code     2  startup_armcm4.o(.text)
    Interrupt6_Handler                       0x000004a3   Thumb Code     2  startup_armcm4.o(.text)
    Interrupt7_Handler                       0x000004a5   Thumb Code     2  startup_armcm4.o(.text)
    Interrupt8_Handler                       0x000004a7   Thumb Code     2  startup_armcm4.o(.text)
    Interrupt9_Handler                       0x000004a9   Thumb Code     2  startup_armcm4.o(.text)
    __2printf                                0x000004b5   Thumb Code    20  noretval__2printf.o(.text)
    __printf                                 0x000004cd   Thumb Code   104  __printf.o(.text)
    _printf_int_dec                          0x00000535   Thumb Code   104  _printf_dec.o(.text)
    __use_two_region_memory                  0x000005ad   Thumb Code     2  heapauxi.o(.text)
    __rt_heap_escrow$2region                 0x000005af   Thumb Code     2  heapauxi.o(.text)
    __rt_heap_expand$2region                 0x000005b1   Thumb Code     2  heapauxi.o(.text)
    _printf_int_common                       0x000005b3   Thumb Code   178  _printf_intcommon.o(.text)
    __lib_sel_fp_printf                      0x00000665   Thumb Code     2  _printf_fp_dec.o(.text)
    _printf_fp_dec_real                      0x00000817   Thumb Code   620  _printf_fp_dec.o(.text)
    _printf_char_file                        0x00000a85   Thumb Code    32  _printf_char_file.o(.text)
    __rt_locale                              0x00000aa9   Thumb Code     8  rt_locale_intlibspace.o(.text)
    _ll_udiv10                               0x00000ab1   Thumb Code   138  lludiv10.o(.text)
    _printf_char_common                      0x00000b47   Thumb Code    32  _printf_char_common.o(.text)
    _printf_fp_infnan                        0x00000b6d   Thumb Code   112  _printf_fp_infnan.o(.text)
    _btod_etento                             0x00000bed   Thumb Code   224  bigflt0.o(.text)
    exit                                     0x00000cd1   Thumb Code    18  exit.o(.text)
    strcmp                                   0x00000ce5   Thumb Code   128  strcmpv7m.o(.text)
    _btod_d2e                                0x00000d65   Thumb Code    62  btod.o(CL$$btod_d2e)
    _d2e_denorm_low                          0x00000da3   Thumb Code    70  btod.o(CL$$btod_d2e_denorm_low)
    _d2e_norm_op1                            0x00000de9   Thumb Code    96  btod.o(CL$$btod_d2e_norm_op1)
    __btod_div_common                        0x00000e49   Thumb Code   696  btod.o(CL$$btod_div_common)
    _e2e                                     0x00001181   Thumb Code   220  btod.o(CL$$btod_e2e)
    _btod_ediv                               0x0000125d   Thumb Code    42  btod.o(CL$$btod_ediv)
    _btod_emul                               0x00001287   Thumb Code    42  btod.o(CL$$btod_emul)
    __btod_mult_common                       0x000012b1   Thumb Code   580  btod.o(CL$$btod_mult_common)
    SystemInit                               0x000014f5   Thumb Code    14  system_armcm4.o(i.SystemInit)
    __ARM_fpclassify                         0x00001515   Thumb Code    40  fpclassify.o(i.__ARM_fpclassify)
    _sys_exit                                0x0000153d   Thumb Code     4  main.o(i._sys_exit)
    ferror                                   0x00001541   Thumb Code     8  main.o(i.ferror)
    fputc                                    0x00001549   Thumb Code    52  main.o(i.fputc)
    main                                     0x00001581   Thumb Code   172  main.o(i.main)
    _get_lc_numeric                          0x0000167d   Thumb Code    44  lc_numeric_c.o(locale$$code)
    __fpl_dretinf                            0x000016a9   Thumb Code    12  dretinf.o(x$fpl$dretinf)
    __aeabi_f2d                              0x000016b5   Thumb Code     0  f2d.o(x$fpl$f2d)
    _f2d                                     0x000016b5   Thumb Code    86  f2d.o(x$fpl$f2d)
    __aeabi_fadd                             0x0000170d   Thumb Code     0  faddsub_clz.o(x$fpl$fadd)
    _fadd                                    0x0000170d   Thumb Code   196  faddsub_clz.o(x$fpl$fadd)
    __fpl_fcmp_Inf                           0x000017d1   Thumb Code    24  fcmpi.o(x$fpl$fcmpinf)
    __aeabi_fdiv                             0x000017e9   Thumb Code     0  fdiv.o(x$fpl$fdiv)
    _fdiv                                    0x000017e9   Thumb Code   384  fdiv.o(x$fpl$fdiv)
    __aeabi_cfcmpeq                          0x0000196d   Thumb Code     0  feqf.o(x$fpl$feqf)
    _fcmpeq                                  0x0000196d   Thumb Code   104  feqf.o(x$fpl$feqf)
    __aeabi_i2f                              0x000019d5   Thumb Code     0  fflt_clz.o(x$fpl$fflt)
    _fflt                                    0x000019d5   Thumb Code    48  fflt_clz.o(x$fpl$fflt)
    __fpl_fnaninf                            0x00001a05   Thumb Code   140  fnaninf.o(x$fpl$fnaninf)
    __fpl_fretinf                            0x00001a91   Thumb Code    10  fretinf.o(x$fpl$fretinf)
    __aeabi_fsub                             0x00001a9d   Thumb Code     0  faddsub_clz.o(x$fpl$fsub)
    _fsub                                    0x00001a9d   Thumb Code   234  faddsub_clz.o(x$fpl$fsub)
    _printf_fp_dec                           0x00001b87   Thumb Code     4  printf1.o(x$fpl$printf1)
    __I$use$fp                               0x00001b8a   Number         0  usenofp.o(x$fpl$usenofp)
    Region$$Table$$Base                      0x00001c20   Number         0  anon$$obj.o(Region$$Table)
    Region$$Table$$Limit                     0x00001c40   Number         0  anon$$obj.o(Region$$Table)
    __stdout                                 0x20000000   Data           4  main.o(.data)
    __stdin                                  0x20000004   Data           4  main.o(.data)
    ITM_RxBuffer                             0x20000008   Data           4  main.o(.data)
    SystemCoreClock                          0x2000000c   Data           4  system_armcm4.o(.data)
    __libspace_start                         0x20000010   Data          96  libspace.o(.bss)
    __stack_limit                            0x20000070   Data           0  startup_armcm4.o(STACK)
    __temporary_stack_top$libspace           0x20000070   Data           0  libspace.o(.bss)
    __initial_sp                             0x20000470   Data           0  startup_armcm4.o(STACK)



==============================================================================

Memory Map of the image

  Image Entry point : 0x000003c1

  Load Region LR_IROM1 (Base: 0x00000000, Size: 0x00001c6c, Max: 0x00040000, ABSOLUTE)

    Execution Region ER_IROM1 (Exec base: 0x00000000, Load base: 0x00000000, Size: 0x00001c5c, Max: 0x00040000, ABSOLUTE)

    Exec Addr    Load Addr    Size         Type   Attr      Idx    E Section Name        Object

    0x00000000   0x00000000   0x000003c0   Data   RO          104    RESET               startup_armcm4.o
    0x000003c0   0x000003c0   0x00000008   Code   RO          185  * !!!main             c_w.l(__main.o)
    0x000003c8   0x000003c8   0x00000034   Code   RO          436    !!!scatter          c_w.l(__scatter.o)
    0x000003fc   0x000003fc   0x0000001a   Code   RO          438    !!handler_copy      c_w.l(__scatter_copy.o)
    0x00000416   0x00000416   0x00000002   PAD
    0x00000418   0x00000418   0x0000001c   Code   RO          440    !!handler_zi        c_w.l(__scatter_zi.o)
    0x00000434   0x00000434   0x00000000   Code   RO          182    .ARM.Collect$$_printf_percent$$00000000  c_w.l(_printf_percent.o)
    0x00000434   0x00000434   0x00000006   Code   RO          181    .ARM.Collect$$_printf_percent$$00000003  c_w.l(_printf_f.o)
    0x0000043a   0x0000043a   0x00000006   Code   RO          180    .ARM.Collect$$_printf_percent$$00000009  c_w.l(_printf_d.o)
    0x00000440   0x00000440   0x00000004   Code   RO          216    .ARM.Collect$$_printf_percent$$00000017  c_w.l(_printf_percent_end.o)
    0x00000444   0x00000444   0x00000002   Code   RO          305    .ARM.Collect$$libinit$$00000000  c_w.l(libinit.o)
    0x00000446   0x00000446   0x00000000   Code   RO          307    .ARM.Collect$$libinit$$00000002  c_w.l(libinit2.o)
    0x00000446   0x00000446   0x00000000   Code   RO          309    .ARM.Collect$$libinit$$00000004  c_w.l(libinit2.o)
    0x00000446   0x00000446   0x00000000   Code   RO          312    .ARM.Collect$$libinit$$0000000A  c_w.l(libinit2.o)
    0x00000446   0x00000446   0x00000000   Code   RO          314    .ARM.Collect$$libinit$$0000000C  c_w.l(libinit2.o)
    0x00000446   0x00000446   0x00000000   Code   RO          316    .ARM.Collect$$libinit$$0000000E  c_w.l(libinit2.o)
    0x00000446   0x00000446   0x00000006   Code   RO          317    .ARM.Collect$$libinit$$0000000F  c_w.l(libinit2.o)
    0x0000044c   0x0000044c   0x00000000   Code   RO          319    .ARM.Collect$$libinit$$00000011  c_w.l(libinit2.o)
    0x0000044c   0x0000044c   0x00000000   Code   RO          321    .ARM.Collect$$libinit$$00000013  c_w.l(libinit2.o)
    0x0000044c   0x0000044c   0x00000000   Code   RO          323    .ARM.Collect$$libinit$$00000015  c_w.l(libinit2.o)
    0x0000044c   0x0000044c   0x0000000a   Code   RO          324    .ARM.Collect$$libinit$$00000016  c_w.l(libinit2.o)
    0x00000456   0x00000456   0x00000000   Code   RO          325    .ARM.Collect$$libinit$$00000017  c_w.l(libinit2.o)
    0x00000456   0x00000456   0x00000000   Code   RO          327    .ARM.Collect$$libinit$$00000019  c_w.l(libinit2.o)
    0x00000456   0x00000456   0x00000000   Code   RO          329    .ARM.Collect$$libinit$$0000001B  c_w.l(libinit2.o)
    0x00000456   0x00000456   0x00000000   Code   RO          331    .ARM.Collect$$libinit$$0000001D  c_w.l(libinit2.o)
    0x00000456   0x00000456   0x00000000   Code   RO          333    .ARM.Collect$$libinit$$0000001F  c_w.l(libinit2.o)
    0x00000456   0x00000456   0x00000000   Code   RO          335    .ARM.Collect$$libinit$$00000021  c_w.l(libinit2.o)
    0x00000456   0x00000456   0x00000000   Code   RO          337    .ARM.Collect$$libinit$$00000023  c_w.l(libinit2.o)
    0x00000456   0x00000456   0x00000000   Code   RO          339    .ARM.Collect$$libinit$$00000025  c_w.l(libinit2.o)
    0x00000456   0x00000456   0x00000000   Code   RO          343    .ARM.Collect$$libinit$$0000002C  c_w.l(libinit2.o)
    0x00000456   0x00000456   0x00000000   Code   RO          345    .ARM.Collect$$libinit$$0000002E  c_w.l(libinit2.o)
    0x00000456   0x00000456   0x00000000   Code   RO          347    .ARM.Collect$$libinit$$00000030  c_w.l(libinit2.o)
    0x00000456   0x00000456   0x00000000   Code   RO          349    .ARM.Collect$$libinit$$00000032  c_w.l(libinit2.o)
    0x00000456   0x00000456   0x00000002   Code   RO          350    .ARM.Collect$$libinit$$00000033  c_w.l(libinit2.o)
    0x00000458   0x00000458   0x00000002   Code   RO          387    .ARM.Collect$$libshutdown$$00000000  c_w.l(libshutdown.o)
    0x0000045a   0x0000045a   0x00000000   Code   RO          395    .ARM.Collect$$libshutdown$$00000002  c_w.l(libshutdown2.o)
    0x0000045a   0x0000045a   0x00000000   Code   RO          397    .ARM.Collect$$libshutdown$$00000004  c_w.l(libshutdown2.o)
    0x0000045a   0x0000045a   0x00000000   Code   RO          399    .ARM.Collect$$libshutdown$$00000006  c_w.l(libshutdown2.o)
    0x0000045a   0x0000045a   0x00000000   Code   RO          402    .ARM.Collect$$libshutdown$$00000009  c_w.l(libshutdown2.o)
    0x0000045a   0x0000045a   0x00000000   Code   RO          405    .ARM.Collect$$libshutdown$$0000000C  c_w.l(libshutdown2.o)
    0x0000045a   0x0000045a   0x00000000   Code   RO          407    .ARM.Collect$$libshutdown$$0000000E  c_w.l(libshutdown2.o)
    0x0000045a   0x0000045a   0x00000000   Code   RO          410    .ARM.Collect$$libshutdown$$00000011  c_w.l(libshutdown2.o)
    0x0000045a   0x0000045a   0x00000002   Code   RO          411    .ARM.Collect$$libshutdown$$00000012  c_w.l(libshutdown2.o)
    0x0000045c   0x0000045c   0x00000000   Code   RO          209    .ARM.Collect$$rtentry$$00000000  c_w.l(__rtentry.o)
    0x0000045c   0x0000045c   0x00000000   Code   RO          227    .ARM.Collect$$rtentry$$00000002  c_w.l(__rtentry2.o)
    0x0000045c   0x0000045c   0x00000004   Code   RO          241    .ARM.Collect$$rtentry$$00000005  c_w.l(__rtentry5.o)
    0x00000460   0x00000460   0x00000000   Code   RO          229    .ARM.Collect$$rtentry$$00000009  c_w.l(__rtentry2.o)
    0x00000460   0x00000460   0x00000004   Code   RO          230    .ARM.Collect$$rtentry$$0000000A  c_w.l(__rtentry2.o)
    0x00000464   0x00000464   0x00000000   Code   RO          232    .ARM.Collect$$rtentry$$0000000C  c_w.l(__rtentry2.o)
    0x00000464   0x00000464   0x00000008   Code   RO          233    .ARM.Collect$$rtentry$$0000000D  c_w.l(__rtentry2.o)
    0x0000046c   0x0000046c   0x00000004   Code   RO          242    .ARM.Collect$$rtentry$$00002716  c_w.l(__rtentry5.o)
    0x00000470   0x00000470   0x00000002   Code   RO          353    .ARM.Collect$$rtexit$$00000000  c_w.l(rtexit.o)
    0x00000472   0x00000472   0x00000000   Code   RO          367    .ARM.Collect$$rtexit$$00000002  c_w.l(rtexit2.o)
    0x00000472   0x00000472   0x00000004   Code   RO          368    .ARM.Collect$$rtexit$$00000003  c_w.l(rtexit2.o)
    0x00000476   0x00000476   0x00000006   Code   RO          369    .ARM.Collect$$rtexit$$00000004  c_w.l(rtexit2.o)
    0x0000047c   0x0000047c   0x00000038   Code   RO          105    .text               startup_armcm4.o
    0x000004b4   0x000004b4   0x00000018   Code   RO          154    .text               c_w.l(noretval__2printf.o)
    0x000004cc   0x000004cc   0x00000068   Code   RO          156    .text               c_w.l(__printf.o)
    0x00000534   0x00000534   0x00000078   Code   RO          158    .text               c_w.l(_printf_dec.o)
    0x000005ac   0x000005ac   0x00000006   Code   RO          183    .text               c_w.l(heapauxi.o)
    0x000005b2   0x000005b2   0x000000b2   Code   RO          210    .text               c_w.l(_printf_intcommon.o)
    0x00000664   0x00000664   0x0000041e   Code   RO          212    .text               c_w.l(_printf_fp_dec.o)
    0x00000a82   0x00000a82   0x00000002   PAD
    0x00000a84   0x00000a84   0x00000024   Code   RO          214    .text               c_w.l(_printf_char_file.o)
    0x00000aa8   0x00000aa8   0x00000008   Code   RO          249    .text               c_w.l(rt_locale_intlibspace.o)
    0x00000ab0   0x00000ab0   0x0000008a   Code   RO          251    .text               c_w.l(lludiv10.o)
    0x00000b3a   0x00000b3a   0x00000002   PAD
    0x00000b3c   0x00000b3c   0x00000030   Code   RO          253    .text               c_w.l(_printf_char_common.o)
    0x00000b6c   0x00000b6c   0x00000080   Code   RO          255    .text               c_w.l(_printf_fp_infnan.o)
    0x00000bec   0x00000bec   0x000000e4   Code   RO          257    .text               c_w.l(bigflt0.o)
    0x00000cd0   0x00000cd0   0x00000012   Code   RO          296    .text               c_w.l(exit.o)
    0x00000ce2   0x00000ce2   0x00000002   PAD
    0x00000ce4   0x00000ce4   0x00000080   Code   RO          298    .text               c_w.l(strcmpv7m.o)
    0x00000d64   0x00000d64   0x0000003e   Code   RO          260    CL$$btod_d2e        c_w.l(btod.o)
    0x00000da2   0x00000da2   0x00000046   Code   RO          262    CL$$btod_d2e_denorm_low  c_w.l(btod.o)
    0x00000de8   0x00000de8   0x00000060   Code   RO          261    CL$$btod_d2e_norm_op1  c_w.l(btod.o)
    0x00000e48   0x00000e48   0x00000338   Code   RO          270    CL$$btod_div_common  c_w.l(btod.o)
    0x00001180   0x00001180   0x000000dc   Code   RO          267    CL$$btod_e2e        c_w.l(btod.o)
    0x0000125c   0x0000125c   0x0000002a   Code   RO          264    CL$$btod_ediv       c_w.l(btod.o)
    0x00001286   0x00001286   0x0000002a   Code   RO          263    CL$$btod_emul       c_w.l(btod.o)
    0x000012b0   0x000012b0   0x00000244   Code   RO          269    CL$$btod_mult_common  c_w.l(btod.o)
    0x000014f4   0x000014f4   0x00000020   Code   RO          113    i.SystemInit        system_armcm4.o
    0x00001514   0x00001514   0x00000028   Code   RO          287    i.__ARM_fpclassify  m_ws.l(fpclassify.o)
    0x0000153c   0x0000153c   0x00000004   Code   RO            4    i._sys_exit         main.o
    0x00001540   0x00001540   0x00000008   Code   RO            7    i.ferror            main.o
    0x00001548   0x00001548   0x00000038   Code   RO            9    i.fputc             main.o
    0x00001580   0x00001580   0x000000fc   Code   RO           10    i.main              main.o
    0x0000167c   0x0000167c   0x0000002c   Code   RO          283    locale$$code        c_w.l(lc_numeric_c.o)
    0x000016a8   0x000016a8   0x0000000c   Code   RO          217    x$fpl$dretinf       fz_ws.l(dretinf.o)
    0x000016b4   0x000016b4   0x00000056   Code   RO          187    x$fpl$f2d           fz_ws.l(f2d.o)
    0x0000170a   0x0000170a   0x00000002   PAD
    0x0000170c   0x0000170c   0x000000c4   Code   RO          189    x$fpl$fadd          fz_ws.l(faddsub_clz.o)
    0x000017d0   0x000017d0   0x00000018   Code   RO          219    x$fpl$fcmpinf       fz_ws.l(fcmpi.o)
    0x000017e8   0x000017e8   0x00000184   Code   RO          196    x$fpl$fdiv          fz_ws.l(fdiv.o)
    0x0000196c   0x0000196c   0x00000068   Code   RO          199    x$fpl$feqf          fz_ws.l(feqf.o)
    0x000019d4   0x000019d4   0x00000030   Code   RO          202    x$fpl$fflt          fz_ws.l(fflt_clz.o)
    0x00001a04   0x00001a04   0x0000008c   Code   RO          221    x$fpl$fnaninf       fz_ws.l(fnaninf.o)
    0x00001a90   0x00001a90   0x0000000a   Code   RO          223    x$fpl$fretinf       fz_ws.l(fretinf.o)
    0x00001a9a   0x00001a9a   0x00000002   PAD
    0x00001a9c   0x00001a9c   0x000000ea   Code   RO          191    x$fpl$fsub          fz_ws.l(faddsub_clz.o)
    0x00001b86   0x00001b86   0x00000004   Code   RO          207    x$fpl$printf1       fz_ws.l(printf1.o)
    0x00001b8a   0x00001b8a   0x00000000   Code   RO          225    x$fpl$usenofp       fz_ws.l(usenofp.o)
    0x00001b8a   0x00001b8a   0x00000002   PAD
    0x00001b8c   0x00001b8c   0x00000094   Data   RO          258    .constdata          c_w.l(bigflt0.o)
    0x00001c20   0x00001c20   0x00000020   Data   RO          434    Region$$Table       anon$$obj.o
    0x00001c40   0x00001c40   0x0000001c   Data   RO          282    locale$$data        c_w.l(lc_numeric_c.o)


    Execution Region RW_IRAM1 (Exec base: 0x20000000, Load base: 0x00001c5c, Size: 0x00000470, Max: 0x00020000, ABSOLUTE)

    Exec Addr    Load Addr    Size         Type   Attr      Idx    E Section Name        Object

    0x20000000   0x00001c5c   0x0000000c   Data   RW           12    .data               main.o
    0x2000000c   0x00001c68   0x00000004   Data   RW          114    .data               system_armcm4.o
    0x20000010        -       0x00000060   Zero   RW          290    .bss                c_w.l(libspace.o)
    0x20000070        -       0x00000400   Zero   RW          102    STACK               startup_armcm4.o


==============================================================================

Image component sizes


      Code (inc. data)   RO Data    RW Data    ZI Data      Debug   Object Name

       320         84          0         12          0      39347   main.o
        56         10        960          0       1024       1168   startup_armcm4.o
        32         18          0          4          0        663   system_armcm4.o

    ----------------------------------------------------------------------
       408        112        992         16       1024      41178   Object Totals
         0          0         32          0          0          0   (incl. Generated)
         0          0          0          0          0          0   (incl. Padding)

    ----------------------------------------------------------------------

      Code (inc. data)   RO Data    RW Data    ZI Data      Debug   Library Member Name

         8          0          0          0          0         68   __main.o
       104          0          0          0          0         84   __printf.o
         0          0          0          0          0          0   __rtentry.o
        12          0          0          0          0          0   __rtentry2.o
         8          4          0          0          0          0   __rtentry5.o
        52          8          0          0          0          0   __scatter.o
        26          0          0          0          0          0   __scatter_copy.o
        28          0          0          0          0          0   __scatter_zi.o
        48          6          0          0          0         96   _printf_char_common.o
        36          4          0          0          0         80   _printf_char_file.o
         6          0          0          0          0          0   _printf_d.o
       120         16          0          0          0         92   _printf_dec.o
         6          0          0          0          0          0   _printf_f.o
      1054          0          0          0          0        216   _printf_fp_dec.o
       128         16          0          0          0         84   _printf_fp_infnan.o
       178          0          0          0          0         88   _printf_intcommon.o
         0          0          0          0          0          0   _printf_percent.o
         4          0          0          0          0          0   _printf_percent_end.o
       228          4        148          0          0         96   bigflt0.o
      1936        128          0          0          0        672   btod.o
        18          0          0          0          0         80   exit.o
         6          0          0          0          0        152   heapauxi.o
        44         10         28          0          0         76   lc_numeric_c.o
         2          0          0          0          0          0   libinit.o
        18          0          0          0          0          0   libinit2.o
         2          0          0          0          0          0   libshutdown.o
         2          0          0          0          0          0   libshutdown2.o
         0          0          0          0         96          0   libspace.o
       138          0          0          0          0         80   lludiv10.o
        24          4          0          0          0         84   noretval__2printf.o
         8          4          0          0          0         68   rt_locale_intlibspace.o
         2          0          0          0          0          0   rtexit.o
        10          0          0          0          0          0   rtexit2.o
       128          0          0          0          0         68   strcmpv7m.o
        12          0          0          0          0         68   dretinf.o
        86          4          0          0          0         84   f2d.o
       430          8          0          0          0        168   faddsub_clz.o
        24          0          0          0          0         68   fcmpi.o
       388         76          0          0          0         96   fdiv.o
       104          4          0          0          0         84   feqf.o
        48          0          0          0          0         68   fflt_clz.o
       140          4          0          0          0         84   fnaninf.o
        10          0          0          0          0         68   fretinf.o
         4          0          0          0          0         68   printf1.o
         0          0          0          0          0          0   usenofp.o
        40          0          0          0          0         68   fpclassify.o

    ----------------------------------------------------------------------
      5684        300        176          0         96       3108   Library Totals
        14          0          0          0          0          0   (incl. Padding)

    ----------------------------------------------------------------------

      Code (inc. data)   RO Data    RW Data    ZI Data      Debug   Library Name

      4384        204        176          0         96       2184   c_w.l
      1246         96          0          0          0        856   fz_ws.l
        40          0          0          0          0         68   m_ws.l

    ----------------------------------------------------------------------
      5684        300        176          0         96       3108   Library Totals

    ----------------------------------------------------------------------

==============================================================================


      Code (inc. data)   RO Data    RW Data    ZI Data      Debug   

      6092        412       1168         16       1120      42462   Grand Totals
      6092        412       1168         16       1120      42462   ELF Image Totals
      6092        412       1168         16          0          0   ROM Totals

==============================================================================

    Total RO  Size (Code + RO Data)                 7260 (   7.09kB)
    Total RW  Size (RW Data + ZI Data)              1136 (   1.11kB)
    Total ROM Size (Code + RO Data + RW Data)       7276 (   7.11kB)

==============================================================================

